// Jest Snapshot v1, https://goo.gl/fbAQLP

exports[`renders correctly Render home 1`] = `null`;
