// Jest Snapshot v1, https://goo.gl/fbAQLP

exports[`renders correctly Click iniciar 1`] = `null`;

exports[`renders correctly Render Weather 1`] = `null`;
